// Jest Snapshot v1, https://goo.gl/fbAQLP

exports[`<BalanceCard /> should render the currectly 1`] = `
.c0 {
  background: linear-gradient(145deg,rgba(33,34,45,1) 0%,rgba(58,44,58,1) 100%);
  padding: 2.0rem 4.0rem;
  border-radius: 1.6rem;
}

.c1 {
  margin-bottom: 0.8rem;
  display: -webkit-box;
  display: -webkit-flex;
  display: -ms-flexbox;
  display: flex;
  -webkit-align-items: center;
  -webkit-box-align: center;
  -ms-flex-align: center;
  align-items: center;
  -webkit-box-pack: justify;
  -webkit-justify-content: space-between;
  -ms-flex-pack: justify;
  justify-content: space-between;
}

.c2 {
  color: #797D9A;
}

.c3 {
  color: #797D9A;
  font-size: 2.2rem;
}

.c4 {
  display: -webkit-box;
  display: -webkit-flex;
  display: -ms-flexbox;
  display: flex;
  -webkit-align-items: center;
  -webkit-box-align: center;
  -ms-flex-align: center;
  align-items: center;
  -webkit-box-pack: justify;
  -webkit-justify-content: space-between;
  -ms-flex-pack: justify;
  justify-content: space-between;
}

.c5 {
  font-size: 2.2rem;
}

.c6 {
  font-size: 1.4rem;
  color: #3CD3C1;
}

.c7 {
  margin-top: 0.8rem;
  width: 100%;
}

.c8 {
  background: #030517;
  width: 100%;
  height: 1rem;
  border-radius: 1.6rem;
  position: relative;
}

.c8::after {
  content: "";
  background: #96A7FF;
  width: 80%;
  height: 1rem;
  border-radius: 1.6rem;
  position: absolute;
  background: #F9769D;
}

<div
  class="c0"
>
  <header
    class="c1"
  >
    <h4
      class="c2"
    >
      Saldo
    </h4>
    <div
      class="c3"
    >
      <svg
        baseProfile="tiny"
        fill="currentColor"
        height="1em"
        stroke="currentColor"
        stroke-width="0"
        version="1.2"
        viewBox="0 0 24 24"
        width="1em"
        xmlns="http://www.w3.org/2000/svg"
      >
        <path
          d="M5.999 17c-.677 0-1.342-.234-1.873-.658-.626-.501-1.019-1.215-1.107-2.011-.089-.796.138-1.58.639-2.206l4-5c.978-1.225 2.883-1.471 4.143-.523l1.674 1.254 2.184-2.729c.571-.716 1.425-1.127 2.342-1.127.679 0 1.343.232 1.873.657.626.501 1.021 1.216 1.108 2.013s-.14 1.58-.641 2.204l-4 5c-.977 1.226-2.882 1.471-4.143.526l-1.674-1.256-2.184 2.729c-.57.716-1.424 1.127-2.341 1.127zm4.001-9c-.306 0-.591.137-.781.374l-4 5.001c-.167.208-.243.471-.213.734.03.266.161.504.369.67.228.183.465.221.624.221.306 0 .591-.137.782-.376l3.395-4.244 3.224 2.42c.42.316 1.056.231 1.381-.176l4-5.001c.167-.208.242-.469.213-.734-.03-.266-.161-.504-.369-.67-.227-.182-.464-.22-.624-.22-.306 0-.591.137-.782.376l-3.395 4.242-3.224-2.417c-.175-.132-.382-.2-.6-.2zM19 21h-14c-.552 0-1-.447-1-1s.448-1 1-1h14c.552 0 1 .447 1 1s-.448 1-1 1z"
        />
      </svg>
    </div>
  </header>
  <div
    class="c4"
  >
    <p
      class="c5"
    >
      R$8916,07
    </p>
    <p
      class="c6"
    >
      +5%
    </p>
  </div>
  <div
    class="c7"
  >
    <div
      aria-label="Progress Bar"
      class="c8"
      color="primary"
      role="progressbar"
    />
  </div>
</div>
`;
